// Vitest Snapshot v1, https://vitest.dev/guide/snapshot.html

exports[`GivenUser_WhenFollowAnotherUser_ThenAFollowIsStored 1`] = `
[
  {
    "userId": "some-user-id",
    "whoIsFollowed": "some-user-id-who-is-followed",
  },
]
`;
